Cluster,Mean Inside,Std Dev Inside,Mean Outside,Std Dev Outside
0,0.263782132416964,0.408350646117863,0.0022294985421265835,0.06850272536240873
1,0.175533826773365,0.28039015095878,0.0060891509767686345,0.0720627486194135
2,0.815390203774653,0.393568630612774,-0.000848723539288333,0.05034877718477418
3,0.373419541120529,0.462018362778681,-0.0010575013104886736,0.07681958074979657
4,0.144513413088308,0.279848543841777,-0.008660651406840707,0.04457415837951252
Averages,0.3545278234347638,0.36483526686197504,-0.0004496453475444992,0.0624615980591811
